<?xml version="1.0" encoding="utf-8"?><testsuites name="pytest tests"><testsuite name="pytest" errors="0" failures="2" skipped="19" tests="62" time="0.174" timestamp="2025-11-05T14:22:30.741052+00:00" hostname="760e5fce867e"><testcase classname="tests.api.test_auth_integration.TestAuthAPI" name="test_register_user_success" time="0.007" /><testcase classname="tests.api.test_auth_integration.TestAuthAPI" name="test_register_duplicate_email" time="0.002" /><testcase classname="tests.api.test_auth_integration.TestAuthAPI" name="test_login_success" time="0.001" /><testcase classname="tests.api.test_auth_integration.TestAuthAPI" name="test_login_invalid_credentials" time="0.001" /><testcase classname="tests.api.test_auth_integration.TestAuthAPI" name="test_get_current_user" time="0.002" /><testcase classname="tests.api.test_auth_integration.TestAuthAPI" name="test_get_current_user_no_token" time="0.001" /><testcase classname="tests.api.test_auth_integration.TestAuthAPI" name="test_get_user_settings" time="0.002"><failure message="assert 500 == 200&#10; +  where 500 = &lt;Response [500]&gt;.status_code">tests/api/test_auth_integration.py:140: in test_get_user_settings
    assert response.status_code == 200
E   assert 500 == 200
E    +  where 500 = &lt;Response [500]&gt;.status_code</failure></testcase><testcase classname="tests.api.test_auth_integration.TestAuthAPI" name="test_update_user_settings" time="0.002" /><testcase classname="tests.api.test_document_integration.TestDocumentAPI" name="test_process_document_with_ocr" time="0.001"><skipped type="pytest.skip" message="Missing auth token or test PDF">/app/tests/api/test_document_integration.py:45: Missing auth token or test PDF</skipped></testcase><testcase classname="tests.api.test_document_integration.TestDocumentAPI" name="test_get_documents_list" time="0.003" /><testcase classname="tests.api.test_document_integration.TestDocumentAPI" name="test_create_document_workflow" time="0.002" /><testcase classname="tests.api.test_document_integration.TestDocumentAPI" name="test_get_document_by_id" time="0.002" /><testcase classname="tests.api.test_document_integration.TestDocumentAPI" name="test_get_document_for_signing_by_token" time="0.002" /><testcase classname="tests.api.test_document_integration.TestDocumentAPI" name="test_submit_signature" time="0.002" /><testcase classname="tests.api.test_document_integration.TestDocumentAPI" name="test_ocr_service_health" time="0.001" /><testcase classname="tests.api.test_document_integration.TestDocumentAPI" name="test_ocr_field_detection" time="0.000"><skipped type="pytest.skip" message="Test PDF not available">/app/tests/api/test_document_integration.py:212: Test PDF not available</skipped></testcase><testcase classname="tests.api.test_workflow_integration.TestWorkflowAPI" name="test_create_parallel_workflow" time="0.002" /><testcase classname="tests.api.test_workflow_integration.TestWorkflowAPI" name="test_create_sequential_workflow" time="0.001" /><testcase classname="tests.api.test_workflow_integration.TestWorkflowAPI" name="test_create_document_with_workflow" time="0.002" /><testcase classname="tests.api.test_workflow_integration.TestWorkflowAPI" name="test_workflow_signers_receive_tokens" time="0.002" /><testcase classname="tests.api.test_workflow_integration.TestWorkflowAPI" name="test_workflow_status_tracking" time="0.002" /><testcase classname="tests.gcp.test_gcp_integration.TestGCPIntegration" name="test_gcp_credentials_configured" time="0.000" /><testcase classname="tests.gcp.test_gcp_integration.TestGCPIntegration" name="test_gcp_environment_variables" time="0.000" /><testcase classname="tests.gcp.test_gcp_integration.TestGCPIntegration" name="test_gcp_storage_access" time="0.000"><skipped type="pytest.skip" message="Requires GCP SDK and actual credentials">/app/tests/gcp/test_gcp_integration.py:42: Requires GCP SDK and actual credentials</skipped></testcase><testcase classname="tests.gcp.test_gcp_integration.TestGCPIntegration" name="test_gcp_cloud_run_deployment" time="0.000"><skipped type="pytest.skip" message="Requires GCP Cloud Run deployment">/app/tests/gcp/test_gcp_integration.py:47: Requires GCP Cloud Run deployment</skipped></testcase><testcase classname="tests.gcp.test_gcp_integration.TestGCPIntegration" name="test_gcp_secret_management" time="0.000"><skipped type="pytest.skip" message="Requires GCP Secret Manager setup">/app/tests/gcp/test_gcp_integration.py:52: Requires GCP Secret Manager setup</skipped></testcase><testcase classname="tests.gcp.test_gcp_integration.TestGCPIntegration" name="test_gcp_service_account" time="0.000"><skipped type="pytest.skip" message="Service account file not found">/app/tests/gcp/test_gcp_integration.py:64: Service account file not found</skipped></testcase><testcase classname="tests.notifications.test_sms_integration.TestSMSIntegration" name="test_sms_sent_on_document_creation" time="0.001"><skipped type="pytest.skip" message="Twilio credentials not configured">/app/tests/notifications/test_sms_integration.py:41: Twilio credentials not configured</skipped></testcase><testcase classname="tests.notifications.test_sms_integration.TestSMSIntegration" name="test_sms_contains_signing_link" time="0.001"><skipped type="pytest.skip" message="Twilio credentials not configured">/app/tests/notifications/test_sms_integration.py:76: Twilio credentials not configured</skipped></testcase><testcase classname="tests.notifications.test_sms_integration.TestSMSIntegration" name="test_multi_language_sms_hebrew" time="0.001"><skipped type="pytest.skip" message="Twilio credentials not configured">/app/tests/notifications/test_sms_integration.py:111: Twilio credentials not configured</skipped></testcase><testcase classname="tests.notifications.test_sms_integration.TestSMSIntegration" name="test_multi_language_sms_arabic" time="0.001"><skipped type="pytest.skip" message="Twilio credentials not configured">/app/tests/notifications/test_sms_integration.py:143: Twilio credentials not configured</skipped></testcase><testcase classname="tests.notifications.test_sms_integration.TestSMSIntegration" name="test_sms_delivery_failure_handling" time="0.001"><skipped type="pytest.skip" message="Twilio credentials not configured">/app/tests/notifications/test_sms_integration.py:171: Twilio credentials not configured</skipped></testcase><testcase classname="tests.notifications.test_sms_integration.TestSMSIntegration" name="test_sms_without_phone_number" time="0.002" /><testcase classname="tests.ocr.test_ocr_integration.TestOCRIntegration" name="test_ocr_service_health" time="0.001" /><testcase classname="tests.ocr.test_ocr_integration.TestOCRIntegration" name="test_detect_fields_endpoint" time="0.000"><skipped type="pytest.skip" message="Test PDF not available">/app/tests/ocr/test_ocr_integration.py:37: Test PDF not available</skipped></testcase><testcase classname="tests.ocr.test_ocr_integration.TestOCRIntegration" name="test_ocr_processing_time" time="0.000"><skipped type="pytest.skip" message="Test PDF not available">/app/tests/ocr/test_ocr_integration.py:71: Test PDF not available</skipped></testcase><testcase classname="tests.ocr.test_ocr_integration.TestOCRIntegration" name="test_ocr_field_types" time="0.000"><skipped type="pytest.skip" message="Test PDF not available">/app/tests/ocr/test_ocr_integration.py:92: Test PDF not available</skipped></testcase><testcase classname="tests.ocr.test_ocr_integration.TestOCRIntegration" name="test_ocr_bounding_boxes" time="0.000"><skipped type="pytest.skip" message="Test PDF not available">/app/tests/ocr/test_ocr_integration.py:119: Test PDF not available</skipped></testcase><testcase classname="tests.ocr.test_ocr_integration.TestOCRIntegration" name="test_ocr_invalid_file_type" time="0.001" /><testcase classname="tests.ocr.test_ocr_integration.TestOCRIntegration" name="test_ocr_empty_file" time="0.001" /><testcase classname="tests.ocr.test_ocr_integration.TestOCRIntegration" name="test_ocr_multi_page_document" time="0.000"><skipped type="pytest.skip" message="Test PDF not available">/app/tests/ocr/test_ocr_integration.py:181: Test PDF not available</skipped></testcase><testcase classname="tests.performance.test_api_performance.TestAPIPerformance" name="test_login_response_time" time="0.001" /><testcase classname="tests.performance.test_api_performance.TestAPIPerformance" name="test_document_list_response_time" time="0.003" /><testcase classname="tests.performance.test_api_performance.TestAPIPerformance" name="test_document_creation_response_time" time="0.002" /><testcase classname="tests.performance.test_api_performance.TestAPIPerformance" name="test_ocr_processing_time" time="0.001"><skipped type="pytest.skip" message="Test PDF not available">/app/tests/performance/test_api_performance.py:105: Test PDF not available</skipped></testcase><testcase classname="tests.performance.test_api_performance.TestAPIPerformance" name="test_concurrent_document_creation" time="0.008" /><testcase classname="tests.performance.test_api_performance.TestAPIPerformance" name="test_api_endpoint_response_times" time="0.002"><failure message="assert 404 == 200&#10; +  where 404 = &lt;Response [404]&gt;.status_code">tests/performance/test_api_performance.py:177: in test_api_endpoint_response_times
    assert response.status_code == 200
E   assert 404 == 200
E    +  where 404 = &lt;Response [404]&gt;.status_code</failure></testcase><testcase classname="tests.test_api_integration.TestAuthEndpoints" name="test_register_new_user" time="0.001" /><testcase classname="tests.test_api_integration.TestAuthEndpoints" name="test_login_valid_credentials" time="0.001" /><testcase classname="tests.test_api_integration.TestAuthEndpoints" name="test_login_invalid_credentials" time="0.001" /><testcase classname="tests.test_api_integration.TestAuthEndpoints" name="test_get_current_user" time="0.001" /><testcase classname="tests.test_api_integration.TestDocumentEndpoints" name="test_list_documents" time="0.004" /><testcase classname="tests.test_api_integration.TestDocumentEndpoints" name="test_create_document" time="0.002" /><testcase classname="tests.test_api_integration.TestDocumentEndpoints" name="test_process_document_with_ocr" time="0.001"><skipped type="pytest.skip" message="Test PDF heskem.pdf not found">/app/tests/test_api_integration.py:123: Test PDF heskem.pdf not found</skipped></testcase><testcase classname="tests.test_api_integration.TestWorkflowEndpoints" name="test_create_workflow" time="0.001" /><testcase classname="tests.test_api_integration.TestOCRService" name="test_ocr_service_health" time="0.001" /><testcase classname="tests.test_api_integration.TestOCRService" name="test_ocr_detect_fields" time="0.000"><skipped type="pytest.skip" message="Test PDF heskem.pdf not found">/app/tests/test_api_integration.py:183: Test PDF heskem.pdf not found</skipped></testcase><testcase classname="tests.test_api_integration.TestPerformance" name="test_api_response_time" time="0.001" /><testcase classname="tests.test_api_integration.TestPerformance" name="test_concurrent_requests" time="0.024" /><testcase classname="tests.test_api_integration.TestSecurity" name="test_unauthorized_access" time="0.002" /><testcase classname="tests.test_api_integration.TestSecurity" name="test_sql_injection" time="0.002" /><testcase classname="tests.test_api_integration.TestSecurity" name="test_xss_protection" time="0.001" /></testsuite></testsuites>